// Jest Snapshot v1, https://goo.gl/fbAQLP

exports[`renders the ContentReader correctly when multiple props are set 1`] = `
<ContentReader
  data="$ echo $EDITOR
                      vim
                      $ git checkout master
                      Switched to branch 'master'
                      Your branch is up-to-date with 'origin/master'.
                      $ git push
                      Everything up-to-date
                      "
>
  <div
    className="content-reader"
  >
    <div
      className="content-reader__layout-v"
    >
      <ScrollBox
        flex={true}
        handleStyle={Object {}}
        showTrack={false}
        style={Object {}}
        trackStyle={Object {}}
      >
        <div
          className="element element-scrollbox__wrapper"
          style={Object {}}
        >
          <ResizeDetector
            handleHeight={true}
            handleWidth={true}
            nodeType="div"
            onResize={[Function]}
            querySelector={null}
            refreshRate={1000}
            skipOnMount={false}
            targetDomEl={null}
          >
            <ChildWrapper>
              <div />
            </ChildWrapper>
          </ResizeDetector>
          <div
            className="element-scrollbox__content-box element-scrollbox__content-box--flexible"
          >
            <div
              className="element-scrollbox__content element-scrollbox__content--flexible"
            >
              <ResizeDetector
                handleHeight={true}
                handleWidth={false}
                nodeType="div"
                onResize={[Function]}
                querySelector={null}
                refreshRate={1000}
                skipOnMount={false}
                targetDomEl={null}
              >
                <ChildWrapper>
                  <div />
                </ChildWrapper>
              </ResizeDetector>
              <div
                className="content-reader__layout-h"
              >
                <div
                  className="content-reader__lines"
                >
                  <pre>
                    <code>
                      <div
                        className="content-reader__lines__line-n"
                        key="0"
                      >
                        1
                      </div>
                      <div
                        className="content-reader__lines__line-n"
                        key="1"
                      >
                        2
                      </div>
                      <div
                        className="content-reader__lines__line-n"
                        key="2"
                      >
                        3
                      </div>
                      <div
                        className="content-reader__lines__line-n"
                        key="3"
                      >
                        4
                      </div>
                      <div
                        className="content-reader__lines__line-n"
                        key="4"
                      >
                        5
                      </div>
                      <div
                        className="content-reader__lines__line-n"
                        key="5"
                      >
                        6
                      </div>
                      <div
                        className="content-reader__lines__line-n"
                        key="6"
                      >
                        7
                      </div>
                      <div
                        className="content-reader__lines__line-n"
                        key="7"
                      >
                        8
                      </div>
                    </code>
                    <Spacer>
                      <div
                        className="content-reader__spacer"
                      />
                    </Spacer>
                  </pre>
                </div>
                <div
                  className="content-reader__content"
                >
                  <pre>
                    <code>
                      $ echo $EDITOR
                      vim
                      $ git checkout master
                      Switched to branch 'master'
                      Your branch is up-to-date with 'origin/master'.
                      $ git push
                      Everything up-to-date
                      
                    </code>
                    <Spacer>
                      <div
                        className="content-reader__spacer"
                      />
                    </Spacer>
                  </pre>
                </div>
              </div>
            </div>
          </div>
          <ScrollBar
            handleStyle={Object {}}
            onDrag={[Function]}
            showTrack={false}
            trackStyle={Object {}}
          />
        </div>
      </ScrollBox>
    </div>
  </div>
</ContentReader>
`;
