// Jest Snapshot v1, https://goo.gl/fbAQLP

exports[`renders the textfield correctly when multiple props are set 1`] = `
<div
  className="input-textfield mb-input__box"
  style={Object {}}
>
  <div
    className="input-textfield__component mb-input mb-input__borders mb-input__background"
    onClick={[Function]}
    role="presentation"
  >
    <div
      className="mb-input__content input-textfield__content"
    >
      <input
        autoComplete="off"
        autoFocus={false}
        className="mb-input__input input-textfield__value"
        disabled={false}
        id="test-id"
        onBlur={[Function]}
        onChange={[Function]}
        onClick={[Function]}
        onFocus={[Function]}
        onKeyDown={[Function]}
        onKeyPress={[Function]}
        type="text"
        value="test-value"
      />
    </div>
  </div>
</div>
`;
